"C:/Users/frivas/Documents/Panchy/git/70-0059/mcm_cpld_firmware_zs/sources/spi_slave_top.v"
"C:/Users/frivas/Documents/Panchy/git/70-0059/mcm_cpld_firmware_zs/sources/wb_ctrl.v"
"C:/Users/frivas/Documents/Panchy/git/70-0059/mcm_cpld_firmware_zs/sources/ip/spi_slave_efb.v"
"C:/Users/frivas/Documents/Panchy/git/70-0059/mcm_cpld_firmware_zs/sources/commands.v"
"C:/Users/frivas/Documents/Panchy/git/70-0059/mcm_cpld_firmware_zs/sim/tb_mcm_top.v"
"C:/Users/frivas/Documents/Panchy/git/70-0059/mcm_cpld_firmware_zs/sources/spi_ctrl.v"
"C:/Users/frivas/Documents/Panchy/git/70-0059/mcm_cpld_firmware_zs/sources/mcm_top.v"
"C:/Users/frivas/Documents/Panchy/git/70-0059/mcm_cpld_firmware_zs/sources/quad_decoder.v"
"C:/Users/frivas/Documents/Panchy/git/70-0059/mcm_cpld_firmware_zs/sources/pwm_controller.v"
"C:/Users/frivas/Documents/Panchy/git/70-0059/mcm_cpld_firmware_zs/sources/cs_decoder.v"
"C:/Users/frivas/Documents/Panchy/git/70-0059/mcm_cpld_firmware_zs/sources/intrpt_ctrl.v"
"C:/Users/frivas/Documents/Panchy/git/70-0059/mcm_cpld_firmware_zs/sources/set_pins.v"
